Archive member included to satisfy reference by file (symbol)

c:/ac6/systemworkbench/plugins/fr.ac6.mcu.externaltools.arm-none.win32_1.17.0.201812190825/tools/compiler/bin/../lib/gcc/arm-none-eabi/7.3.1/thumb/v7e-m/fpv4-sp/hard\libgcc.a(_aeabi_uldivmod.o)
                              Drivers/STM32F4xx_HAL_Driver/Src/stm32f4xx_hal_rcc.o (__aeabi_uldivmod)
c:/ac6/systemworkbench/plugins/fr.ac6.mcu.externaltools.arm-none.win32_1.17.0.201812190825/tools/compiler/bin/../lib/gcc/arm-none-eabi/7.3.1/thumb/v7e-m/fpv4-sp/hard\libgcc.a(_udivmoddi4.o)
                              c:/ac6/systemworkbench/plugins/fr.ac6.mcu.externaltools.arm-none.win32_1.17.0.201812190825/tools/compiler/bin/../lib/gcc/arm-none-eabi/7.3.1/thumb/v7e-m/fpv4-sp/hard\libgcc.a(_aeabi_uldivmod.o) (__udivmoddi4)
c:/ac6/systemworkbench/plugins/fr.ac6.mcu.externaltools.arm-none.win32_1.17.0.201812190825/tools/compiler/bin/../lib/gcc/arm-none-eabi/7.3.1/thumb/v7e-m/fpv4-sp/hard\libgcc.a(_dvmd_tls.o)
                              c:/ac6/systemworkbench/plugins/fr.ac6.mcu.externaltools.arm-none.win32_1.17.0.201812190825/tools/compiler/bin/../lib/gcc/arm-none-eabi/7.3.1/thumb/v7e-m/fpv4-sp/hard\libgcc.a(_aeabi_uldivmod.o) (__aeabi_ldiv0)
c:/ac6/systemworkbench/plugins/fr.ac6.mcu.externaltools.arm-none.win32_1.17.0.201812190825/tools/compiler/bin/../lib/gcc/arm-none-eabi/7.3.1/../../../../arm-none-eabi/lib/thumb/v7e-m/fpv4-sp/hard\libc_nano.a(lib_a-errno.o)
                              Core/Src/syscalls.o (__errno)
c:/ac6/systemworkbench/plugins/fr.ac6.mcu.externaltools.arm-none.win32_1.17.0.201812190825/tools/compiler/bin/../lib/gcc/arm-none-eabi/7.3.1/../../../../arm-none-eabi/lib/thumb/v7e-m/fpv4-sp/hard\libc_nano.a(lib_a-exit.o)
                              c:/ac6/systemworkbench/plugins/fr.ac6.mcu.externaltools.arm-none.win32_1.17.0.201812190825/tools/compiler/bin/../lib/gcc/arm-none-eabi/7.3.1/../../../../arm-none-eabi/lib/thumb/v7e-m/fpv4-sp/hard/crt0.o (exit)
c:/ac6/systemworkbench/plugins/fr.ac6.mcu.externaltools.arm-none.win32_1.17.0.201812190825/tools/compiler/bin/../lib/gcc/arm-none-eabi/7.3.1/../../../../arm-none-eabi/lib/thumb/v7e-m/fpv4-sp/hard\libc_nano.a(lib_a-impure.o)
                              c:/ac6/systemworkbench/plugins/fr.ac6.mcu.externaltools.arm-none.win32_1.17.0.201812190825/tools/compiler/bin/../lib/gcc/arm-none-eabi/7.3.1/../../../../arm-none-eabi/lib/thumb/v7e-m/fpv4-sp/hard\libc_nano.a(lib_a-exit.o) (_global_impure_ptr)
c:/ac6/systemworkbench/plugins/fr.ac6.mcu.externaltools.arm-none.win32_1.17.0.201812190825/tools/compiler/bin/../lib/gcc/arm-none-eabi/7.3.1/../../../../arm-none-eabi/lib/thumb/v7e-m/fpv4-sp/hard\libc_nano.a(lib_a-init.o)
                              c:/ac6/systemworkbench/plugins/fr.ac6.mcu.externaltools.arm-none.win32_1.17.0.201812190825/tools/compiler/bin/../lib/gcc/arm-none-eabi/7.3.1/../../../../arm-none-eabi/lib/thumb/v7e-m/fpv4-sp/hard/crt0.o (__libc_init_array)
c:/ac6/systemworkbench/plugins/fr.ac6.mcu.externaltools.arm-none.win32_1.17.0.201812190825/tools/compiler/bin/../lib/gcc/arm-none-eabi/7.3.1/../../../../arm-none-eabi/lib/thumb/v7e-m/fpv4-sp/hard\libc_nano.a(lib_a-memcpy-stub.o)
                              Core/Src/RFModSTM32f4x.o (memcpy)
c:/ac6/systemworkbench/plugins/fr.ac6.mcu.externaltools.arm-none.win32_1.17.0.201812190825/tools/compiler/bin/../lib/gcc/arm-none-eabi/7.3.1/../../../../arm-none-eabi/lib/thumb/v7e-m/fpv4-sp/hard\libc_nano.a(lib_a-memset.o)
                              c:/ac6/systemworkbench/plugins/fr.ac6.mcu.externaltools.arm-none.win32_1.17.0.201812190825/tools/compiler/bin/../lib/gcc/arm-none-eabi/7.3.1/../../../../arm-none-eabi/lib/thumb/v7e-m/fpv4-sp/hard/crt0.o (memset)

Allocating common symbols
Common symbol       size              file

_rxBits             0x2               Core/Src/RFModSTM32f4x.o
_txIndex            0x1               Core/Src/RFModSTM32f4x.o
_rxBom              0x2               Core/Src/RFModSTM32f4x.o
hcrc                0x8               Core/Src/main.o
_rxBitCount         0x1               Core/Src/RFModSTM32f4x.o
uwTick              0x4               Drivers/STM32F4xx_HAL_Driver/Src/stm32f4xx_hal.o
pFlash              0x20              Drivers/STM32F4xx_HAL_Driver/Src/stm32f4xx_hal_flash.o
_modo               0x1               Core/Src/RFModSTM32f4x.o
_txBom              0x2               Core/Src/RFModSTM32f4x.o
_rxCount            0x1               Core/Src/RFModSTM32f4x.o
_rxRampa            0x1               Core/Src/RFModSTM32f4x.o
_rxBufCheio         0x1               Core/Src/RFModSTM32f4x.o
_rxAtivo            0x1               Core/Src/RFModSTM32f4x.o
_rxBufValido        0x1               Core/Src/RFModSTM32f4x.o
_rxRuim             0x2               Core/Src/RFModSTM32f4x.o
htim1               0x40              Core/Src/main.o
_txBufTam           0x1               Core/Src/RFModSTM32f4x.o
_txBit              0x1               Core/Src/RFModSTM32f4x.o
_rxBufTam           0x1               Core/Src/RFModSTM32f4x.o
[...]
Memory Configuration

Name             Origin             Length             Attributes
RAM              0x20000000         0x00018000         xrw
FLASH            0x08000000         0x00080000         xr
*default*        0x00000000         0xffffffff

Linker script and memory map

LOAD c:/ac6/systemworkbench/plugins/fr.ac6.mcu.externaltools.arm-none.win32_1.17.0.201812190825/tools/compiler/bin/../lib/gcc/arm-none-eabi/7.3.1/thumb/v7e-m/fpv4-sp/hard/crti.o
LOAD c:/ac6/systemworkbench/plugins/fr.ac6.mcu.externaltools.arm-none.win32_1.17.0.201812190825/tools/compiler/bin/../lib/gcc/arm-none-eabi/7.3.1/thumb/v7e-m/fpv4-sp/hard/crtbegin.o
LOAD c:/ac6/systemworkbench/plugins/fr.ac6.mcu.externaltools.arm-none.win32_1.17.0.201812190825/tools/compiler/bin/../lib/gcc/arm-none-eabi/7.3.1/../../../../arm-none-eabi/lib/thumb/v7e-m/fpv4-sp/hard/crt0.o
LOAD Core/Src/RFModSTM32f4x.o
LOAD Core/Src/main.o
LOAD Core/Src/stm32f4xx_hal_msp.o
LOAD Core/Src/stm32f4xx_it.o
LOAD Core/Src/syscalls.o
LOAD Core/Src/system_stm32f4xx.o
LOAD Drivers/STM32F4xx_HAL_Driver/Src/stm32f4xx_hal.o
LOAD Drivers/STM32F4xx_HAL_Driver/Src/stm32f4xx_hal_cortex.o
LOAD Drivers/STM32F4xx_HAL_Driver/Src/stm32f4xx_hal_crc.o
LOAD Drivers/STM32F4xx_HAL_Driver/Src/stm32f4xx_hal_dma.o
LOAD Drivers/STM32F4xx_HAL_Driver/Src/stm32f4xx_hal_dma_ex.o
LOAD Drivers/STM32F4xx_HAL_Driver/Src/stm32f4xx_hal_exti.o
LOAD Drivers/STM32F4xx_HAL_Driver/Src/stm32f4xx_hal_flash.o
LOAD Drivers/STM32F4xx_HAL_Driver/Src/stm32f4xx_hal_flash_ex.o
LOAD Drivers/STM32F4xx_HAL_Driver/Src/stm32f4xx_hal_flash_ramfunc.o
LOAD Drivers/STM32F4xx_HAL_Driver/Src/stm32f4xx_hal_gpio.o
LOAD Drivers/STM32F4xx_HAL_Driver/Src/stm32f4xx_hal_pwr.o
LOAD Drivers/STM32F4xx_HAL_Driver/Src/stm32f4xx_hal_pwr_ex.o
LOAD Drivers/STM32F4xx_HAL_Driver/Src/stm32f4xx_hal_rcc.o
LOAD Drivers/STM32F4xx_HAL_Driver/Src/stm32f4xx_hal_rcc_ex.o
LOAD Drivers/STM32F4xx_HAL_Driver/Src/stm32f4xx_hal_tim.o
LOAD Drivers/STM32F4xx_HAL_Driver/Src/stm32f4xx_hal_tim_ex.o
LOAD Drivers/STM32F4xx_HAL_Driver/Src/stm32f4xx_hal_uart.o
LOAD startup/startup_stm32f401xe.o
LOAD c:/ac6/systemworkbench/plugins/fr.ac6.mcu.externaltools.arm-none.win32_1.17.0.201812190825/tools/compiler/bin/../lib/gcc/arm-none-eabi/7.3.1/../../../../arm-none-eabi/lib/thumb/v7e-m/fpv4-sp/hard\libm.a
START GROUP
LOAD c:/ac6/systemworkbench/plugins/fr.ac6.mcu.externaltools.arm-none.win32_1.17.0.201812190825/tools/compiler/bin/../lib/gcc/arm-none-eabi/7.3.1/thumb/v7e-m/fpv4-sp/hard\libgcc.a
LOAD c:/ac6/systemworkbench/plugins/fr.ac6.mcu.externaltools.arm-none.win32_1.17.0.201812190825/tools/compiler/bin/../lib/gcc/arm-none-eabi/7.3.1/../../../../arm-none-eabi/lib/thumb/v7e-m/fpv4-sp/hard\libc_nano.a
END GROUP
START GROUP
LOAD c:/ac6/systemworkbench/plugins/fr.ac6.mcu.externaltools.arm-none.win32_1.17.0.201812190825/tools/compiler/bin/../lib/gcc/arm-none-eabi/7.3.1/thumb/v7e-m/fpv4-sp/hard\libgcc.a
LOAD c:/ac6/systemworkbench/plugins/fr.ac6.mcu.externaltools.arm-none.win32_1.17.0.201812190825/tools/compiler/bin/../lib/gcc/arm-none-eabi/7.3.1/../../../../arm-none-eabi/lib/thumb/v7e-m/fpv4-sp/hard\libc_nano.a
LOAD c:/ac6/systemworkbench/plugins/fr.ac6.mcu.externaltools.arm-none.win32_1.17.0.201812190825/tools/compiler/bin/../lib/gcc/arm-none-eabi/7.3.1/../../../../arm-none-eabi/lib/thumb/v7e-m/fpv4-sp/hard\libnosys.a
END GROUP
START GROUP
LOAD c:/ac6/systemworkbench/plugins/fr.ac6.mcu.externaltools.arm-none.win32_1.17.0.201812190825/tools/compiler/bin/../lib/gcc/arm-none-eabi/7.3.1/thumb/v7e-m/fpv4-sp/hard\libgcc.a
LOAD c:/ac6/systemworkbench/plugins/fr.ac6.mcu.externaltools.arm-none.win32_1.17.0.201812190825/tools/compiler/bin/../lib/gcc/arm-none-eabi/7.3.1/../../../../arm-none-eabi/lib/thumb/v7e-m/fpv4-sp/hard\libc_nano.a
LOAD c:/ac6/systemworkbench/plugins/fr.ac6.mcu.externaltools.arm-none.win32_1.17.0.201812190825/tools/compiler/bin/../lib/gcc/arm-none-eabi/7.3.1/../../../../arm-none-eabi/lib/thumb/v7e-m/fpv4-sp/hard\libnosys.a
END GROUP
LOAD c:/ac6/systemworkbench/plugins/fr.ac6.mcu.externaltools.arm-none.win32_1.17.0.201812190825/tools/compiler/bin/../lib/gcc/arm-none-eabi/7.3.1/thumb/v7e-m/fpv4-sp/hard/crtend.o
LOAD c:/ac6/systemworkbench/plugins/fr.ac6.mcu.externaltools.arm-none.win32_1.17.0.201812190825/tools/compiler/bin/../lib/gcc/arm-none-eabi/7.3.1/thumb/v7e-m/fpv4-sp/hard/crtn.o
                0x20018000                _estack = 0x20018000
                0x00000200                _Min_Heap_Size = 0x200
                0x00000400                _Min_Stack_Size = 0x400

.isr_vector     0x08000000      0x194
                0x08000000                . = ALIGN (0x4)
 *(.isr_vector)
 .isr_vector    0x08000000      0x194 startup/startup_stm32f401xe.o
                0x08000000                g_pfnVectors
                0x08000194                . = ALIGN (0x4)

.text           0x08000194     0x1b14
                0x08000194                . = ALIGN (0x4)
 *(.text)
 .text          0x08000194       0x40 c:/ac6/systemworkbench/plugins/fr.ac6.mcu.externaltools.arm-none.win32_1.17.0.201812190825/tools/compiler/bin/../lib/gcc/arm-none-eabi/7.3.1/thumb/v7e-m/fpv4-sp/hard/crtbegin.o
 .text          0x080001d4       0x30 c:/ac6/systemworkbench/plugins/fr.ac6.mcu.externaltools.arm-none.win32_1.17.0.201812190825/tools/compiler/bin/../lib/gcc/arm-none-eabi/7.3.1/thumb/v7e-m/fpv4-sp/hard\libgcc.a(_aeabi_uldivmod.o)
                0x080001d4                __aeabi_uldivmod
 .text          0x08000204      0x2cc c:/ac6/systemworkbench/plugins/fr.ac6.mcu.externaltools.arm-none.win32_1.17.0.201812190825/tools/compiler/bin/../lib/gcc/arm-none-eabi/7.3.1/thumb/v7e-m/fpv4-sp/hard\libgcc.a(_udivmoddi4.o)
                0x08000204                __udivmoddi4
 .text          0x080004d0        0x4 c:/ac6/systemworkbench/plugins/fr.ac6.mcu.externaltools.arm-none.win32_1.17.0.201812190825/tools/compiler/bin/../lib/gcc/arm-none-eabi/7.3.1/thumb/v7e-m/fpv4-sp/hard\libgcc.a(_dvmd_tls.o)
                0x080004d0                __aeabi_idiv0
                0x080004d0                __aeabi_ldiv0
 *(.text*)
 .text.poeModoParado
                0x080004d4       0x28 Core/Src/RFModSTM32f4x.o
                0x080004d4                poeModoParado
 .text.simbolo_para_nibble
                0x080004fc       0x28 Core/Src/RFModSTM32f4x.o
                0x080004fc                simbolo_para_nibble
 .text.TimerRecb
                0x08000524      0x178 Core/Src/RFModSTM32f4x.o
                0x08000524                TimerRecb
 .text.TimerEnvia
                0x0800069c       0x9c Core/Src/RFModSTM32f4x.o
                0x0800069c                TimerEnvia
 .text.TimerRotinaInterrupcao
                0x08000738       0x28 Core/Src/RFModSTM32f4x.o
                0x08000738                TimerRotinaInterrupcao
 .text.Inicia_Mod_RF
                0x08000760       0x30 Core/Src/RFModSTM32f4x.o
                0x08000760                Inicia_Mod_RF
 .text.MX_GPIO_Init
                0x08000790       0xe0 Core/Src/main.o
 .text.Error_Handler
                0x08000870        0x4 Core/Src/main.o
                0x08000870                Error_Handler
 .text.MX_CRC_Init
                0x08000874       0x1c Core/Src/main.o
 .text.MX_TIM1_Init
                0x08000890       0x6c Core/Src/main.o
 .text.MX_USART2_UART_Init
                0x080008fc       0x34 Core/Src/main.o
 .text.SystemClock_Config
                0x08000930       0xa8 Core/Src/main.o
                0x08000930                SystemClock_Config
 .text.main     0x080009d8       0x2c Core/Src/main.o
                0x080009d8                main
 .text.HAL_MspInit
                0x08000a04       0x40 Core/Src/stm32f4xx_hal_msp.o
                0x08000a04                HAL_MspInit
 .text.HAL_CRC_MspInit
                0x08000a44       0x30 Core/Src/stm32f4xx_hal_msp.o
                0x08000a44                HAL_CRC_MspInit
 .text.HAL_TIM_Base_MspInit
                0x08000a74       0x40 Core/Src/stm32f4xx_hal_msp.o
                0x08000a74                HAL_TIM_Base_MspInit
 .text.HAL_UART_MspInit
                0x08000ab4       0x6c Core/Src/stm32f4xx_hal_msp.o
                0x08000ab4                HAL_UART_MspInit
 .text.NMI_Handler
                0x08000b20        0x2 Core/Src/stm32f4xx_it.o
                0x08000b20                NMI_Handler
 .text.HardFault_Handler
                0x08000b22        0x2 Core/Src/stm32f4xx_it.o
                0x08000b22                HardFault_Handler
 .text.MemManage_Handler
                0x08000b24        0x2 Core/Src/stm32f4xx_it.o
                0x08000b24                MemManage_Handler
 .text.BusFault_Handler
                0x08000b26        0x2 Core/Src/stm32f4xx_it.o
                0x08000b26                BusFault_Handler
 .text.UsageFault_Handler
                0x08000b28        0x2 Core/Src/stm32f4xx_it.o
                0x08000b28                UsageFault_Handler
 .text.SVC_Handler
                0x08000b2a        0x2 Core/Src/stm32f4xx_it.o
                0x08000b2a                SVC_Handler
 .text.DebugMon_Handler
                0x08000b2c        0x2 Core/Src/stm32f4xx_it.o
                0x08000b2c                DebugMon_Handler
 .text.PendSV_Handler
                0x08000b2e        0x2 Core/Src/stm32f4xx_it.o
                0x08000b2e                PendSV_Handler
 .text.SysTick_Handler
                0x08000b30        0x8 Core/Src/stm32f4xx_it.o
                0x08000b30                SysTick_Handler
 .text.TIM1_UP_TIM10_IRQHandler
                0x08000b38       0x14 Core/Src/stm32f4xx_it.o
                0x08000b38                TIM1_UP_TIM10_IRQHandler
 .text.SystemInit
                0x08000b4c       0x1c Core/Src/system_stm32f4xx.o
                0x08000b4c                SystemInit
 .text.HAL_InitTick
                0x08000b68       0x48 Drivers/STM32F4xx_HAL_Driver/Src/stm32f4xx_hal.o
                0x08000b68                HAL_InitTick
 .text.HAL_Init
                0x08000bb0       0x34 Drivers/STM32F4xx_HAL_Driver/Src/stm32f4xx_hal.o
                0x08000bb0                HAL_Init
 .text.HAL_IncTick
                0x08000be4       0x18 Drivers/STM32F4xx_HAL_Driver/Src/stm32f4xx_hal.o
                0x08000be4                HAL_IncTick
 .text.HAL_GetTick
                0x08000bfc        0xc Drivers/STM32F4xx_HAL_Driver/Src/stm32f4xx_hal.o
                0x08000bfc                HAL_GetTick
 .text.HAL_NVIC_SetPriorityGrouping
                0x08000c08       0x24 Drivers/STM32F4xx_HAL_Driver/Src/stm32f4xx_hal_cortex.o
                0x08000c08                HAL_NVIC_SetPriorityGrouping
 .text.HAL_NVIC_SetPriority
                0x08000c2c       0x68 Drivers/STM32F4xx_HAL_Driver/Src/stm32f4xx_hal_cortex.o
                0x08000c2c                HAL_NVIC_SetPriority
 .text.HAL_NVIC_EnableIRQ
                0x08000c94       0x1c Drivers/STM32F4xx_HAL_Driver/Src/stm32f4xx_hal_cortex.o
                0x08000c94                HAL_NVIC_EnableIRQ
 .text.HAL_SYSTICK_Config
                0x08000cb0       0x2c Drivers/STM32F4xx_HAL_Driver/Src/stm32f4xx_hal_cortex.o
                0x08000cb0                HAL_SYSTICK_Config
 .text.HAL_CRC_Init
                0x08000cdc       0x1e Drivers/STM32F4xx_HAL_Driver/Src/stm32f4xx_hal_crc.o
                0x08000cdc                HAL_CRC_Init
 *fill*         0x08000cfa        0x2 
 .text.HAL_GPIO_Init
                0x08000cfc      0x1a4 Drivers/STM32F4xx_HAL_Driver/Src/stm32f4xx_hal_gpio.o
                0x08000cfc                HAL_GPIO_Init
 .text.HAL_GPIO_ReadPin
                0x08000ea0        0xe Drivers/STM32F4xx_HAL_Driver/Src/stm32f4xx_hal_gpio.o
                0x08000ea0                HAL_GPIO_ReadPin
 .text.HAL_GPIO_WritePin
                0x08000eae        0xc Drivers/STM32F4xx_HAL_Driver/Src/stm32f4xx_hal_gpio.o
                0x08000eae                HAL_GPIO_WritePin
 *fill*         0x08000eba        0x2 
 .text.HAL_RCC_OscConfig
                0x08000ebc      0x3ec Drivers/STM32F4xx_HAL_Driver/Src/stm32f4xx_hal_rcc.o
                0x08000ebc                HAL_RCC_OscConfig
 .text.HAL_RCC_GetSysClockFreq
                0x080012a8       0xd8 Drivers/STM32F4xx_HAL_Driver/Src/stm32f4xx_hal_rcc.o
                0x080012a8                HAL_RCC_GetSysClockFreq
 .text.HAL_RCC_ClockConfig
                0x08001380      0x160 Drivers/STM32F4xx_HAL_Driver/Src/stm32f4xx_hal_rcc.o
                0x08001380                HAL_RCC_ClockConfig
 .text.HAL_RCC_GetHCLKFreq
                0x080014e0        0xc Drivers/STM32F4xx_HAL_Driver/Src/stm32f4xx_hal_rcc.o
                0x080014e0                HAL_RCC_GetHCLKFreq
 .text.HAL_RCC_GetPCLK1Freq
                0x080014ec       0x20 Drivers/STM32F4xx_HAL_Driver/Src/stm32f4xx_hal_rcc.o
                0x080014ec                HAL_RCC_GetPCLK1Freq
 .text.HAL_RCC_GetPCLK2Freq
                0x0800150c       0x20 Drivers/STM32F4xx_HAL_Driver/Src/stm32f4xx_hal_rcc.o
                0x0800150c                HAL_RCC_GetPCLK2Freq
 .text.TIM_TI1_ConfigInputStage
                0x0800152c       0x26 Drivers/STM32F4xx_HAL_Driver/Src/stm32f4xx_hal_tim.o
 .text.TIM_TI2_ConfigInputStage
                0x08001552       0x28 Drivers/STM32F4xx_HAL_Driver/Src/stm32f4xx_hal_tim.o
 .text.TIM_ITRx_SetConfig
                0x0800157a       0x10 Drivers/STM32F4xx_HAL_Driver/Src/stm32f4xx_hal_tim.o
 .text.HAL_TIM_Base_Start_IT
                0x0800158a       0x22 Drivers/STM32F4xx_HAL_Driver/Src/stm32f4xx_hal_tim.o
                0x0800158a                HAL_TIM_Base_Start_IT
 .text.HAL_TIM_PeriodElapsedCallback
                0x080015ac        0x2 Drivers/STM32F4xx_HAL_Driver/Src/stm32f4xx_hal_tim.o
                0x080015ac                HAL_TIM_PeriodElapsedCallback
 .text.HAL_TIM_OC_DelayElapsedCallback
                0x080015ae        0x2 Drivers/STM32F4xx_HAL_Driver/Src/stm32f4xx_hal_tim.o
                0x080015ae                HAL_TIM_OC_DelayElapsedCallback
 .text.HAL_TIM_IC_CaptureCallback
                0x080015b0        0x2 Drivers/STM32F4xx_HAL_Driver/Src/stm32f4xx_hal_tim.o
                0x080015b0                HAL_TIM_IC_CaptureCallback
 .text.HAL_TIM_PWM_PulseFinishedCallback
                0x080015b2        0x2 Drivers/STM32F4xx_HAL_Driver/Src/stm32f4xx_hal_tim.o
                0x080015b2                HAL_TIM_PWM_PulseFinishedCallback
 .text.HAL_TIM_TriggerCallback
                0x080015b4        0x2 Drivers/STM32F4xx_HAL_Driver/Src/stm32f4xx_hal_tim.o
                0x080015b4                HAL_TIM_TriggerCallback
 .text.HAL_TIM_IRQHandler
                0x080015b6      0x17a Drivers/STM32F4xx_HAL_Driver/Src/stm32f4xx_hal_tim.o
                0x080015b6                HAL_TIM_IRQHandler
 .text.TIM_Base_SetConfig
                0x08001730       0x9c Drivers/STM32F4xx_HAL_Driver/Src/stm32f4xx_hal_tim.o
                0x08001730                TIM_Base_SetConfig
 .text.HAL_TIM_Base_Init
                0x080017cc       0x32 Drivers/STM32F4xx_HAL_Driver/Src/stm32f4xx_hal_tim.o
                0x080017cc                HAL_TIM_Base_Init
 .text.TIM_ETR_SetConfig
                0x080017fe       0x18 Drivers/STM32F4xx_HAL_Driver/Src/stm32f4xx_hal_tim.o
                0x080017fe                TIM_ETR_SetConfig
 .text.HAL_TIM_ConfigClockSource
                0x08001816       0xda Drivers/STM32F4xx_HAL_Driver/Src/stm32f4xx_hal_tim.o
                0x08001816                HAL_TIM_ConfigClockSource
 .text.HAL_TIMEx_MasterConfigSynchronization
                0x080018f0       0x78 Drivers/STM32F4xx_HAL_Driver/Src/stm32f4xx_hal_tim_ex.o
                0x080018f0                HAL_TIMEx_MasterConfigSynchronization
 .text.HAL_TIMEx_CommutCallback
                0x08001968        0x2 Drivers/STM32F4xx_HAL_Driver/Src/stm32f4xx_hal_tim_ex.o
                0x08001968                HAL_TIMEx_CommutCallback
 .text.HAL_TIMEx_BreakCallback
                0x0800196a        0x2 Drivers/STM32F4xx_HAL_Driver/Src/stm32f4xx_hal_tim_ex.o
                0x0800196a                HAL_TIMEx_BreakCallback
 .text.UART_SetConfig
                0x0800196c      0x218 Drivers/STM32F4xx_HAL_Driver/Src/stm32f4xx_hal_uart.o
 .text.HAL_UART_Init
                0x08001b84       0x5e Drivers/STM32F4xx_HAL_Driver/Src/stm32f4xx_hal_uart.o
                0x08001b84                HAL_UART_Init
 *fill*         0x08001be2        0x2 
 .text.Reset_Handler
                0x08001be4       0x50 startup/startup_stm32f401xe.o
                0x08001be4                Reset_Handler
 .text.Default_Handler
                0x08001c34        0x2 startup/startup_stm32f401xe.o
                0x08001c34                RTC_Alarm_IRQHandler
                0x08001c34                EXTI2_IRQHandler
                0x08001c34                SPI4_IRQHandler
                0x08001c34                TIM1_CC_IRQHandler
                0x08001c34                DMA2_Stream5_IRQHandler
                0x08001c34                DMA1_Stream5_IRQHandler
                0x08001c34                PVD_IRQHandler
                0x08001c34                SDIO_IRQHandler
                0x08001c34                TAMP_STAMP_IRQHandler
                0x08001c34                EXTI3_IRQHandler
                0x08001c34                I2C3_ER_IRQHandler
                0x08001c34                EXTI0_IRQHandler
                0x08001c34                I2C2_EV_IRQHandler
                0x08001c34                DMA1_Stream2_IRQHandler
                0x08001c34                FPU_IRQHandler
                0x08001c34                DMA2_Stream2_IRQHandler
                0x08001c34                SPI1_IRQHandler
                0x08001c34                TIM1_BRK_TIM9_IRQHandler
                0x08001c34                DMA2_Stream3_IRQHandler
                0x08001c34                USART6_IRQHandler
                0x08001c34                DMA2_Stream0_IRQHandler
                0x08001c34                TIM4_IRQHandler
                0x08001c34                I2C1_EV_IRQHandler
                0x08001c34                DMA1_Stream6_IRQHandler
                0x08001c34                DMA1_Stream1_IRQHandler
                0x08001c34                TIM3_IRQHandler
                0x08001c34                RCC_IRQHandler
                0x08001c34                Default_Handler
                0x08001c34                EXTI15_10_IRQHandler
                0x08001c34                ADC_IRQHandler
                0x08001c34                DMA1_Stream7_IRQHandler
                0x08001c34                TIM5_IRQHandler
                0x08001c34                DMA2_Stream7_IRQHandler
                0x08001c34                I2C3_EV_IRQHandler
                0x08001c34                EXTI9_5_IRQHandler
                0x08001c34                RTC_WKUP_IRQHandler
                0x08001c34                SPI2_IRQHandler
                0x08001c34                DMA1_Stream0_IRQHandler
                0x08001c34                EXTI4_IRQHandler
                0x08001c34                WWDG_IRQHandler
                0x08001c34                TIM2_IRQHandler
                0x08001c34                OTG_FS_WKUP_IRQHandler
                0x08001c34                TIM1_TRG_COM_TIM11_IRQHandler
                0x08001c34                EXTI1_IRQHandler
                0x08001c34                USART2_IRQHandler
                0x08001c34                I2C2_ER_IRQHandler
                0x08001c34                DMA2_Stream1_IRQHandler
                0x08001c34                FLASH_IRQHandler
                0x08001c34                DMA2_Stream4_IRQHandler
                0x08001c34                USART1_IRQHandler
                0x08001c34                OTG_FS_IRQHandler
                0x08001c34                SPI3_IRQHandler
                0x08001c34                DMA1_Stream4_IRQHandler
                0x08001c34                I2C1_ER_IRQHandler
                0x08001c34                DMA2_Stream6_IRQHandler
                0x08001c34                DMA1_Stream3_IRQHandler
 *fill*         0x08001c36        0x2 
 .text.__libc_init_array
                0x08001c38       0x48 c:/ac6/systemworkbench/plugins/fr.ac6.mcu.externaltools.arm-none.win32_1.17.0.201812190825/tools/compiler/bin/../lib/gcc/arm-none-eabi/7.3.1/../../../../arm-none-eabi/lib/thumb/v7e-m/fpv4-sp/hard\libc_nano.a(lib_a-init.o)
                0x08001c38                __libc_init_array
 .text.memset   0x08001c80       0x10 c:/ac6/systemworkbench/plugins/fr.ac6.mcu.externaltools.arm-none.win32_1.17.0.201812190825/tools/compiler/bin/../lib/gcc/arm-none-eabi/7.3.1/../../../../arm-none-eabi/lib/thumb/v7e-m/fpv4-sp/hard\libc_nano.a(lib_a-memset.o)
                0x08001c80                memset
 *(.glue_7)
 .glue_7        0x08001c90        0x0 linker stubs
 *(.glue_7t)
 .glue_7t       0x08001c90        0x0 linker stubs
 *(.eh_frame)
 .eh_frame      0x08001c90        0x0 c:/ac6/systemworkbench/plugins/fr.ac6.mcu.externaltools.arm-none.win32_1.17.0.201812190825/tools/compiler/bin/../lib/gcc/arm-none-eabi/7.3.1/thumb/v7e-m/fpv4-sp/hard/crtbegin.o
 *(.init)
 .init          0x08001c90        0x4 c:/ac6/systemworkbench/plugins/fr.ac6.mcu.externaltools.arm-none.win32_1.17.0.201812190825/tools/compiler/bin/../lib/gcc/arm-none-eabi/7.3.1/thumb/v7e-m/fpv4-sp/hard/crti.o
                0x08001c90                _init
 .init          0x08001c94        0x8 c:/ac6/systemworkbench/plugins/fr.ac6.mcu.externaltools.arm-none.win32_1.17.0.201812190825/tools/compiler/bin/../lib/gcc/arm-none-eabi/7.3.1/thumb/v7e-m/fpv4-sp/hard/crtn.o
 *(.fini)
 .fini          0x08001c9c        0x4 c:/ac6/systemworkbench/plugins/fr.ac6.mcu.externaltools.arm-none.win32_1.17.0.201812190825/tools/compiler/bin/../lib/gcc/arm-none-eabi/7.3.1/thumb/v7e-m/fpv4-sp/hard/crti.o
                0x08001c9c                _fini
 .fini          0x08001ca0        0x8 c:/ac6/systemworkbench/plugins/fr.ac6.mcu.externaltools.arm-none.win32_1.17.0.201812190825/tools/compiler/bin/../lib/gcc/arm-none-eabi/7.3.1/thumb/v7e-m/fpv4-sp/hard/crtn.o
                0x08001ca8                . = ALIGN (0x4)
                0x08001ca8                _etext = .

.vfp11_veneer   0x08001ca8        0x0
 .vfp11_veneer  0x08001ca8        0x0 linker stubs

.v4_bx          0x08001ca8        0x0
 .v4_bx         0x08001ca8        0x0 linker stubs

.iplt           0x08001ca8        0x0
 .iplt          0x08001ca8        0x0 c:/ac6/systemworkbench/plugins/fr.ac6.mcu.externaltools.arm-none.win32_1.17.0.201812190825/tools/compiler/bin/../lib/gcc/arm-none-eabi/7.3.1/thumb/v7e-m/fpv4-sp/hard/crtbegin.o

.rodata         0x08001ca8       0x30
                0x08001ca8                . = ALIGN (0x4)
 *(.rodata)
 .rodata        0x08001ca8       0x18 Core/Src/RFModSTM32f4x.o
 .rodata        0x08001cc0       0x18 Core/Src/system_stm32f4xx.o
                0x08001cc0                AHBPrescTable
                0x08001cd0                APBPrescTable
 *(.rodata*)
                0x08001cd8                . = ALIGN (0x4)

.ARM.extab
 *(.ARM.extab* .gnu.linkonce.armextab.*)

.ARM            0x08001cd8        0x8
                0x08001cd8                __exidx_start = .
 *(.ARM.exidx*)
 .ARM.exidx     0x08001cd8        0x8 c:/ac6/systemworkbench/plugins/fr.ac6.mcu.externaltools.arm-none.win32_1.17.0.201812190825/tools/compiler/bin/../lib/gcc/arm-none-eabi/7.3.1/thumb/v7e-m/fpv4-sp/hard\libgcc.a(_udivmoddi4.o)
                0x08001ce0                __exidx_end = .

.rel.dyn        0x08001ce0        0x0
 .rel.iplt      0x08001ce0        0x0 c:/ac6/systemworkbench/plugins/fr.ac6.mcu.externaltools.arm-none.win32_1.17.0.201812190825/tools/compiler/bin/../lib/gcc/arm-none-eabi/7.3.1/thumb/v7e-m/fpv4-sp/hard/crtbegin.o

.preinit_array  0x08001ce0        0x0
                0x08001ce0                PROVIDE (__preinit_array_start = .)
 *(.preinit_array*)
                0x08001ce0                PROVIDE (__preinit_array_end = .)

.init_array     0x08001ce0        0x4
                0x08001ce0                PROVIDE (__init_array_start = .)
 *(SORT_BY_NAME(.init_array.*))
 *(.init_array*)
 .init_array    0x08001ce0        0x4 c:/ac6/systemworkbench/plugins/fr.ac6.mcu.externaltools.arm-none.win32_1.17.0.201812190825/tools/compiler/bin/../lib/gcc/arm-none-eabi/7.3.1/thumb/v7e-m/fpv4-sp/hard/crtbegin.o
                0x08001ce4                PROVIDE (__init_array_end = .)

.fini_array     0x08001ce4        0x4
                [!provide]                PROVIDE (__fini_array_start = .)
 *(SORT_BY_NAME(.fini_array.*))
 *(.fini_array*)
 .fini_array    0x08001ce4        0x4 c:/ac6/systemworkbench/plugins/fr.ac6.mcu.externaltools.arm-none.win32_1.17.0.201812190825/tools/compiler/bin/../lib/gcc/arm-none-eabi/7.3.1/thumb/v7e-m/fpv4-sp/hard/crtbegin.o
                [!provide]                PROVIDE (__fini_array_end = .)
                0x08001ce8                _sidata = LOADADDR (.data)

.data           0x20000000        0xc load address 0x08001ce8
                0x20000000                . = ALIGN (0x4)
                0x20000000                _sdata = .
 *(.data)
 .data          0x20000000        0x4 Core/Src/system_stm32f4xx.o
                0x20000000                SystemCoreClock
 .data          0x20000004        0x8 Drivers/STM32F4xx_HAL_Driver/Src/stm32f4xx_hal.o
                0x20000004                uwTickFreq
                0x20000008                uwTickPrio
 *(.data*)
                0x2000000c                . = ALIGN (0x4)
                0x2000000c                _edata = .

.igot.plt       0x2000000c        0x0 load address 0x08001cf4
 .igot.plt      0x2000000c        0x0 c:/ac6/systemworkbench/plugins/fr.ac6.mcu.externaltools.arm-none.win32_1.17.0.201812190825/tools/compiler/bin/../lib/gcc/arm-none-eabi/7.3.1/thumb/v7e-m/fpv4-sp/hard/crtbegin.o
                0x2000000c                . = ALIGN (0x4)

.bss            0x2000000c      0x198 load address 0x08001cf4
                0x2000000c                _sbss = .
                0x2000000c                __bss_start__ = _sbss
 *(.bss)
 .bss           0x2000000c       0x1c c:/ac6/systemworkbench/plugins/fr.ac6.mcu.externaltools.arm-none.win32_1.17.0.201812190825/tools/compiler/bin/../lib/gcc/arm-none-eabi/7.3.1/thumb/v7e-m/fpv4-sp/hard/crtbegin.o
 *(.bss*)
 *(COMMON)
 COMMON         0x20000028       0xef Core/Src/RFModSTM32f4x.o
                0x20000028                _rxBits
                0x2000002a                _txIndex
                0x2000002c                _rxBom
                0x2000002e                _rxBitCount
                0x2000002f                _modo
                0x20000030                _txBom
                0x20000032                _rxCount
                0x20000033                _rxRampa
                0x20000034                _rxBufCheio
                0x20000035                _rxAtivo
                0x20000036                _rxBufValido
                0x20000038                _rxRuim
                0x2000003a                _txBufTam
                0x2000003b                _txBit
                0x2000003c                _rxBufTam
                0x20000040                _rxBuf
                0x20000083                _txAmostra
                0x20000084                _rxUltAmostra
                0x20000088                _txBuf
                0x20000116                _rxIntegrador
 *fill*         0x20000117        0x1 
 COMMON         0x20000118       0x88 Core/Src/main.o
                0x20000118                hcrc
                0x20000120                htim1
                0x20000160                huart2
 COMMON         0x200001a0        0x4 Drivers/STM32F4xx_HAL_Driver/Src/stm32f4xx_hal.o
                0x200001a0                uwTick
                0x200001a4                . = ALIGN (0x4)
                0x200001a4                _ebss = .
                0x200001a4                __bss_end__ = _ebss

._user_heap_stack
                0x200001a4      0x604 load address 0x08001cf4
                0x200001a8                . = ALIGN (0x8)
 *fill*         0x200001a4        0x4 
                0x200001a8                PROVIDE (end = .)
                [!provide]                PROVIDE (_end = .)
                0x200003a8                . = (. + _Min_Heap_Size)
 *fill*         0x200001a8      0x200 
                0x200007a8                . = (. + _Min_Stack_Size)
 *fill*         0x200003a8      0x400 
                0x200007a8                . = ALIGN (0x8)

/DISCARD/
 libc.a(*)
 libm.a(*)
 libgcc.a(*)

.ARM.attributes
                0x00000000       0x30
 *(.ARM.attributes)
 .ARM.attributes
                0x00000000       0x22 c:/ac6/systemworkbench/plugins/fr.ac6.mcu.externaltools.arm-none.win32_1.17.0.201812190825/tools/compiler/bin/../lib/gcc/arm-none-eabi/7.3.1/thumb/v7e-m/fpv4-sp/hard/crti.o
 .ARM.attributes
                0x00000022       0x34 c:/ac6/systemworkbench/plugins/fr.ac6.mcu.externaltools.arm-none.win32_1.17.0.201812190825/tools/compiler/bin/../lib/gcc/arm-none-eabi/7.3.1/thumb/v7e-m/fpv4-sp/hard/crtbegin.o
 .ARM.attributes
                0x00000056       0x39 Core/Src/RFModSTM32f4x.o
 .ARM.attributes
                0x0000008f       0x39 Core/Src/main.o
 .ARM.attributes
                0x000000c8       0x39 Core/Src/stm32f4xx_hal_msp.o
 .ARM.attributes
                0x00000101       0x39 Core/Src/stm32f4xx_it.o
 .ARM.attributes
                0x0000013a       0x39 Core/Src/system_stm32f4xx.o
 .ARM.attributes
                0x00000173       0x39 Drivers/STM32F4xx_HAL_Driver/Src/stm32f4xx_hal.o
 .ARM.attributes
                0x000001ac       0x39 Drivers/STM32F4xx_HAL_Driver/Src/stm32f4xx_hal_cortex.o
 .ARM.attributes
                0x000001e5       0x39 Drivers/STM32F4xx_HAL_Driver/Src/stm32f4xx_hal_crc.o
 .ARM.attributes
                0x0000021e       0x39 Drivers/STM32F4xx_HAL_Driver/Src/stm32f4xx_hal_gpio.o
 .ARM.attributes
                0x00000257       0x39 Drivers/STM32F4xx_HAL_Driver/Src/stm32f4xx_hal_rcc.o
 .ARM.attributes
                0x00000290       0x39 Drivers/STM32F4xx_HAL_Driver/Src/stm32f4xx_hal_tim.o
 .ARM.attributes
                0x000002c9       0x39 Drivers/STM32F4xx_HAL_Driver/Src/stm32f4xx_hal_tim_ex.o
 .ARM.attributes
                0x00000302       0x39 Drivers/STM32F4xx_HAL_Driver/Src/stm32f4xx_hal_uart.o
 .ARM.attributes
                0x0000033b       0x21 startup/startup_stm32f401xe.o
 .ARM.attributes
                0x0000035c       0x22 c:/ac6/systemworkbench/plugins/fr.ac6.mcu.externaltools.arm-none.win32_1.17.0.201812190825/tools/compiler/bin/../lib/gcc/arm-none-eabi/7.3.1/thumb/v7e-m/fpv4-sp/hard\libgcc.a(_aeabi_uldivmod.o)
 .ARM.attributes
                0x0000037e       0x34 c:/ac6/systemworkbench/plugins/fr.ac6.mcu.externaltools.arm-none.win32_1.17.0.201812190825/tools/compiler/bin/../lib/gcc/arm-none-eabi/7.3.1/thumb/v7e-m/fpv4-sp/hard\libgcc.a(_udivmoddi4.o)
 .ARM.attributes
                0x000003b2       0x22 c:/ac6/systemworkbench/plugins/fr.ac6.mcu.externaltools.arm-none.win32_1.17.0.201812190825/tools/compiler/bin/../lib/gcc/arm-none-eabi/7.3.1/thumb/v7e-m/fpv4-sp/hard\libgcc.a(_dvmd_tls.o)
 .ARM.attributes
                0x000003d4       0x34 c:/ac6/systemworkbench/plugins/fr.ac6.mcu.externaltools.arm-none.win32_1.17.0.201812190825/tools/compiler/bin/../lib/gcc/arm-none-eabi/7.3.1/../../../../arm-none-eabi/lib/thumb/v7e-m/fpv4-sp/hard\libc_nano.a(lib_a-init.o)
 .ARM.attributes
                0x00000408       0x34 c:/ac6/systemworkbench/plugins/fr.ac6.mcu.externaltools.arm-none.win32_1.17.0.201812190825/tools/compiler/bin/../lib/gcc/arm-none-eabi/7.3.1/../../../../arm-none-eabi/lib/thumb/v7e-m/fpv4-sp/hard\libc_nano.a(lib_a-memset.o)
 .ARM.attributes
                0x0000043c       0x22 c:/ac6/systemworkbench/plugins/fr.ac6.mcu.externaltools.arm-none.win32_1.17.0.201812190825/tools/compiler/bin/../lib/gcc/arm-none-eabi/7.3.1/thumb/v7e-m/fpv4-sp/hard/crtn.o
OUTPUT(example_AN_RFMod_CRC_receiver.elf elf32-littlearm)

.debug_info     0x00000000     0xe29c
 .debug_info    0x00000000     0x11ed Core/Src/RFModSTM32f4x.o
 .debug_info    0x000011ed     0x1c17 Core/Src/main.o
 .debug_info    0x00002e04      0xfcf Core/Src/stm32f4xx_hal_msp.o
 .debug_info    0x00003dd3     0x11ed Core/Src/stm32f4xx_it.o
 .debug_info    0x00004fc0      0x583 Core/Src/system_stm32f4xx.o
 .debug_info    0x00005543      0x97a Drivers/STM32F4xx_HAL_Driver/Src/stm32f4xx_hal.o
 .debug_info    0x00005ebd      0xef6 Drivers/STM32F4xx_HAL_Driver/Src/stm32f4xx_hal_cortex.o
 .debug_info    0x00006db3      0x461 Drivers/STM32F4xx_HAL_Driver/Src/stm32f4xx_hal_crc.o
 .debug_info    0x00007214      0x7e4 Drivers/STM32F4xx_HAL_Driver/Src/stm32f4xx_hal_gpio.o
 .debug_info    0x000079f8      0xab9 Drivers/STM32F4xx_HAL_Driver/Src/stm32f4xx_hal_rcc.o
 .debug_info    0x000084b1     0x31d3 Drivers/STM32F4xx_HAL_Driver/Src/stm32f4xx_hal_tim.o
 .debug_info    0x0000b684     0x14e1 Drivers/STM32F4xx_HAL_Driver/Src/stm32f4xx_hal_tim_ex.o
 .debug_info    0x0000cb65     0x1715 Drivers/STM32F4xx_HAL_Driver/Src/stm32f4xx_hal_uart.o
 .debug_info    0x0000e27a       0x22 startup/startup_stm32f401xe.o

.debug_abbrev   0x00000000     0x1e6a
 .debug_abbrev  0x00000000      0x398 Core/Src/RFModSTM32f4x.o
 .debug_abbrev  0x00000398      0x31c Core/Src/main.o
 .debug_abbrev  0x000006b4      0x1e3 Core/Src/stm32f4xx_hal_msp.o
 .debug_abbrev  0x00000897      0x243 Core/Src/stm32f4xx_it.o
 .debug_abbrev  0x00000ada      0x12b Core/Src/system_stm32f4xx.o
 .debug_abbrev  0x00000c05      0x218 Drivers/STM32F4xx_HAL_Driver/Src/stm32f4xx_hal.o
 .debug_abbrev  0x00000e1d      0x328 Drivers/STM32F4xx_HAL_Driver/Src/stm32f4xx_hal_cortex.o
 .debug_abbrev  0x00001145      0x1a7 Drivers/STM32F4xx_HAL_Driver/Src/stm32f4xx_hal_crc.o
 .debug_abbrev  0x000012ec      0x1e7 Drivers/STM32F4xx_HAL_Driver/Src/stm32f4xx_hal_gpio.o
 .debug_abbrev  0x000014d3      0x273 Drivers/STM32F4xx_HAL_Driver/Src/stm32f4xx_hal_rcc.o
 .debug_abbrev  0x00001746      0x235 Drivers/STM32F4xx_HAL_Driver/Src/stm32f4xx_hal_tim.o
 .debug_abbrev  0x0000197b      0x246 Drivers/STM32F4xx_HAL_Driver/Src/stm32f4xx_hal_tim_ex.o
 .debug_abbrev  0x00001bc1      0x297 Drivers/STM32F4xx_HAL_Driver/Src/stm32f4xx_hal_uart.o
 .debug_abbrev  0x00001e58       0x12 startup/startup_stm32f401xe.o

.debug_loc      0x00000000     0x771a
 .debug_loc     0x00000000      0x35b Core/Src/RFModSTM32f4x.o
 .debug_loc     0x0000035b       0xcf Core/Src/stm32f4xx_hal_msp.o
 .debug_loc     0x0000042a      0x13e Core/Src/system_stm32f4xx.o
 .debug_loc     0x00000568      0x11b Drivers/STM32F4xx_HAL_Driver/Src/stm32f4xx_hal.o
 .debug_loc     0x00000683      0x5ce Drivers/STM32F4xx_HAL_Driver/Src/stm32f4xx_hal_cortex.o
 .debug_loc     0x00000c51      0x21b Drivers/STM32F4xx_HAL_Driver/Src/stm32f4xx_hal_crc.o
 .debug_loc     0x00000e6c      0x476 Drivers/STM32F4xx_HAL_Driver/Src/stm32f4xx_hal_gpio.o
 .debug_loc     0x000012e2      0x40f Drivers/STM32F4xx_HAL_Driver/Src/stm32f4xx_hal_rcc.o
 .debug_loc     0x000016f1     0x38f0 Drivers/STM32F4xx_HAL_Driver/Src/stm32f4xx_hal_tim.o
 .debug_loc     0x00004fe1     0x11a0 Drivers/STM32F4xx_HAL_Driver/Src/stm32f4xx_hal_tim_ex.o
 .debug_loc     0x00006181     0x1599 Drivers/STM32F4xx_HAL_Driver/Src/stm32f4xx_hal_uart.o

.debug_aranges  0x00000000      0xb88
 .debug_aranges
                0x00000000       0xa0 Core/Src/RFModSTM32f4x.o
 .debug_aranges
                0x000000a0       0x50 Core/Src/main.o
 .debug_aranges
                0x000000f0       0x50 Core/Src/stm32f4xx_hal_msp.o
 .debug_aranges
                0x00000140       0x68 Core/Src/stm32f4xx_it.o
 .debug_aranges
                0x000001a8       0x28 Core/Src/system_stm32f4xx.o
 .debug_aranges
                0x000001d0       0xf0 Drivers/STM32F4xx_HAL_Driver/Src/stm32f4xx_hal.o
 .debug_aranges
                0x000002c0       0xa8 Drivers/STM32F4xx_HAL_Driver/Src/stm32f4xx_hal_cortex.o
 .debug_aranges
                0x00000368       0x50 Drivers/STM32F4xx_HAL_Driver/Src/stm32f4xx_hal_crc.o
 .debug_aranges
                0x000003b8       0x58 Drivers/STM32F4xx_HAL_Driver/Src/stm32f4xx_hal_gpio.o
 .debug_aranges
                0x00000410       0x88 Drivers/STM32F4xx_HAL_Driver/Src/stm32f4xx_hal_rcc.o
 .debug_aranges
                0x00000498      0x3a8 Drivers/STM32F4xx_HAL_Driver/Src/stm32f4xx_hal_tim.o
 .debug_aranges
                0x00000840      0x150 Drivers/STM32F4xx_HAL_Driver/Src/stm32f4xx_hal_tim_ex.o
 .debug_aranges
                0x00000990      0x1d0 Drivers/STM32F4xx_HAL_Driver/Src/stm32f4xx_hal_uart.o
 .debug_aranges
                0x00000b60       0x28 startup/startup_stm32f401xe.o

.debug_ranges   0x00000000      0xb40
 .debug_ranges  0x00000000       0xa8 Core/Src/RFModSTM32f4x.o
 .debug_ranges  0x000000a8       0x40 Core/Src/main.o
 .debug_ranges  0x000000e8       0x40 Core/Src/stm32f4xx_hal_msp.o
 .debug_ranges  0x00000128       0x58 Core/Src/stm32f4xx_it.o
 .debug_ranges  0x00000180       0x18 Core/Src/system_stm32f4xx.o
 .debug_ranges  0x00000198       0xe0 Drivers/STM32F4xx_HAL_Driver/Src/stm32f4xx_hal.o
 .debug_ranges  0x00000278       0xf8 Drivers/STM32F4xx_HAL_Driver/Src/stm32f4xx_hal_cortex.o
 .debug_ranges  0x00000370       0x40 Drivers/STM32F4xx_HAL_Driver/Src/stm32f4xx_hal_crc.o
 .debug_ranges  0x000003b0       0x48 Drivers/STM32F4xx_HAL_Driver/Src/stm32f4xx_hal_gpio.o
 .debug_ranges  0x000003f8       0x90 Drivers/STM32F4xx_HAL_Driver/Src/stm32f4xx_hal_rcc.o
 .debug_ranges  0x00000488      0x398 Drivers/STM32F4xx_HAL_Driver/Src/stm32f4xx_hal_tim.o
 .debug_ranges  0x00000820      0x140 Drivers/STM32F4xx_HAL_Driver/Src/stm32f4xx_hal_tim_ex.o
 .debug_ranges  0x00000960      0x1c0 Drivers/STM32F4xx_HAL_Driver/Src/stm32f4xx_hal_uart.o
 .debug_ranges  0x00000b20       0x20 startup/startup_stm32f401xe.o

.debug_macro    0x00000000    0x16576
 .debug_macro   0x00000000      0x2c1 Core/Src/RFModSTM32f4x.o
 .debug_macro   0x000002c1      0xa54 Core/Src/RFModSTM32f4x.o
 .debug_macro   0x00000d15       0x22 Core/Src/RFModSTM32f4x.o
 .debug_macro   0x00000d37       0x8e Core/Src/RFModSTM32f4x.o
 .debug_macro   0x00000dc5       0x51 Core/Src/RFModSTM32f4x.o
 .debug_macro   0x00000e16       0xef Core/Src/RFModSTM32f4x.o
 .debug_macro   0x00000f05       0x6a Core/Src/RFModSTM32f4x.o
 .debug_macro   0x00000f6f      0x1df Core/Src/RFModSTM32f4x.o
 .debug_macro   0x0000114e       0x22 Core/Src/RFModSTM32f4x.o
 .debug_macro   0x00001170       0x5e Core/Src/RFModSTM32f4x.o
 .debug_macro   0x000011ce       0x18 Core/Src/RFModSTM32f4x.o
 .debug_macro   0x000011e6       0x35 Core/Src/RFModSTM32f4x.o
 .debug_macro   0x0000121b       0x34 Core/Src/RFModSTM32f4x.o
 .debug_macro   0x0000124f      0x174 Core/Src/RFModSTM32f4x.o
 .debug_macro   0x000013c3       0x58 Core/Src/RFModSTM32f4x.o
 .debug_macro   0x0000141b       0x1f Core/Src/RFModSTM32f4x.o
 .debug_macro   0x0000143a       0x43 Core/Src/RFModSTM32f4x.o
 .debug_macro   0x0000147d       0x20 Core/Src/RFModSTM32f4x.o
 .debug_macro   0x0000149d      0x18e Core/Src/RFModSTM32f4x.o
 .debug_macro   0x0000162b      0x330 Core/Src/RFModSTM32f4x.o
 .debug_macro   0x0000195b       0x10 Core/Src/RFModSTM32f4x.o
 .debug_macro   0x0000196b       0x35 Core/Src/RFModSTM32f4x.o
 .debug_macro   0x000019a0      0x29a Core/Src/RFModSTM32f4x.o
 .debug_macro   0x00001c3a       0x2e Core/Src/RFModSTM32f4x.o
 .debug_macro   0x00001c68       0x28 Core/Src/RFModSTM32f4x.o
 .debug_macro   0x00001c90       0x1c Core/Src/RFModSTM32f4x.o
 .debug_macro   0x00001cac       0x22 Core/Src/RFModSTM32f4x.o
 .debug_macro   0x00001cce       0xd9 Core/Src/RFModSTM32f4x.o
 .debug_macro   0x00001da7     0x102d Core/Src/RFModSTM32f4x.o
 .debug_macro   0x00002dd4      0x11f Core/Src/RFModSTM32f4x.o
 .debug_macro   0x00002ef3     0xb850 Core/Src/RFModSTM32f4x.o
 .debug_macro   0x0000e743       0x43 Core/Src/RFModSTM32f4x.o
 .debug_macro   0x0000e786     0x3659 Core/Src/RFModSTM32f4x.o
 .debug_macro   0x00011ddf       0x54 Core/Src/RFModSTM32f4x.o
 .debug_macro   0x00011e33      0x416 Core/Src/RFModSTM32f4x.o
 .debug_macro   0x00012249      0x9fe Core/Src/RFModSTM32f4x.o
 .debug_macro   0x00012c47      0x117 Core/Src/RFModSTM32f4x.o
 .debug_macro   0x00012d5e       0xf8 Core/Src/RFModSTM32f4x.o
 .debug_macro   0x00012e56       0x27 Core/Src/RFModSTM32f4x.o
 .debug_macro   0x00012e7d      0x15f Core/Src/RFModSTM32f4x.o
 .debug_macro   0x00012fdc      0x287 Core/Src/RFModSTM32f4x.o
 .debug_macro   0x00013263       0x5f Core/Src/RFModSTM32f4x.o
 .debug_macro   0x000132c2      0x236 Core/Src/RFModSTM32f4x.o
 .debug_macro   0x000134f8       0x22 Core/Src/RFModSTM32f4x.o
 .debug_macro   0x0001351a      0x132 Core/Src/RFModSTM32f4x.o
 .debug_macro   0x0001364c      0x264 Core/Src/RFModSTM32f4x.o
 .debug_macro   0x000138b0       0x2e Core/Src/RFModSTM32f4x.o
 .debug_macro   0x000138de      0x11a Core/Src/RFModSTM32f4x.o
 .debug_macro   0x000139f8       0x85 Core/Src/RFModSTM32f4x.o
 .debug_macro   0x00013a7d       0x89 Core/Src/RFModSTM32f4x.o
 .debug_macro   0x00013b06      0x8a0 Core/Src/RFModSTM32f4x.o
 .debug_macro   0x000143a6       0x47 Core/Src/RFModSTM32f4x.o
 .debug_macro   0x000143ed      0x287 Core/Src/RFModSTM32f4x.o
 .debug_macro   0x00014674      0x126 Core/Src/RFModSTM32f4x.o
 .debug_macro   0x0001479a       0x70 Core/Src/RFModSTM32f4x.o
 .debug_macro   0x0001480a       0x40 Core/Src/RFModSTM32f4x.o
 .debug_macro   0x0001484a      0x2bf Core/Src/main.o
 .debug_macro   0x00014b09       0xdf Core/Src/main.o
 .debug_macro   0x00014be8       0x5a Core/Src/main.o
 .debug_macro   0x00014c42      0x32a Core/Src/main.o
 .debug_macro   0x00014f6c      0x1e7 Core/Src/stm32f4xx_hal_msp.o
 .debug_macro   0x00015153      0x2c9 Core/Src/stm32f4xx_it.o
 .debug_macro   0x0001541c      0x1de Core/Src/system_stm32f4xx.o
 .debug_macro   0x000155fa      0x238 Drivers/STM32F4xx_HAL_Driver/Src/stm32f4xx_hal.o
 .debug_macro   0x00015832      0x1d8 Drivers/STM32F4xx_HAL_Driver/Src/stm32f4xx_hal_cortex.o
 .debug_macro   0x00015a0a      0x1d8 Drivers/STM32F4xx_HAL_Driver/Src/stm32f4xx_hal_crc.o
 .debug_macro   0x00015be2      0x20e Drivers/STM32F4xx_HAL_Driver/Src/stm32f4xx_hal_gpio.o
 .debug_macro   0x00015df0      0x1fc Drivers/STM32F4xx_HAL_Driver/Src/stm32f4xx_hal_rcc.o
 .debug_macro   0x00015fec      0x1d9 Drivers/STM32F4xx_HAL_Driver/Src/stm32f4xx_hal_tim.o
 .debug_macro   0x000161c5      0x1d8 Drivers/STM32F4xx_HAL_Driver/Src/stm32f4xx_hal_tim_ex.o
 .debug_macro   0x0001639d      0x1d9 Drivers/STM32F4xx_HAL_Driver/Src/stm32f4xx_hal_uart.o

.debug_line     0x00000000     0x9184
 .debug_line    0x00000000      0xa21 Core/Src/RFModSTM32f4x.o
 .debug_line    0x00000a21      0x8fb Core/Src/main.o
 .debug_line    0x0000131c      0x808 Core/Src/stm32f4xx_hal_msp.o
 .debug_line    0x00001b24      0x8d0 Core/Src/stm32f4xx_it.o
 .debug_line    0x000023f4      0x796 Core/Src/system_stm32f4xx.o
 .debug_line    0x00002b8a      0x973 Drivers/STM32F4xx_HAL_Driver/Src/stm32f4xx_hal.o
 .debug_line    0x000034fd      0x9c5 Drivers/STM32F4xx_HAL_Driver/Src/stm32f4xx_hal_cortex.o
 .debug_line    0x00003ec2      0x83e Drivers/STM32F4xx_HAL_Driver/Src/stm32f4xx_hal_crc.o
 .debug_line    0x00004700      0x8dd Drivers/STM32F4xx_HAL_Driver/Src/stm32f4xx_hal_gpio.o
 .debug_line    0x00004fdd      0xa06 Drivers/STM32F4xx_HAL_Driver/Src/stm32f4xx_hal_rcc.o
 .debug_line    0x000059e3     0x18bd Drivers/STM32F4xx_HAL_Driver/Src/stm32f4xx_hal_tim.o
 .debug_line    0x000072a0      0xda4 Drivers/STM32F4xx_HAL_Driver/Src/stm32f4xx_hal_tim_ex.o
 .debug_line    0x00008044     0x10c2 Drivers/STM32F4xx_HAL_Driver/Src/stm32f4xx_hal_uart.o
 .debug_line    0x00009106       0x7e startup/startup_stm32f401xe.o

.debug_str      0x00000000    0x8ae0a
 .debug_str     0x00000000    0x87a39 Core/Src/RFModSTM32f4x.o
                              0x87d59 (size before relaxing)
 .debug_str     0x00087a39      0x9aa Core/Src/main.o
                              0x885fc (size before relaxing)
 .debug_str     0x000883e3      0x499 Core/Src/stm32f4xx_hal_msp.o
                              0x85975 (size before relaxing)
 .debug_str     0x0008887c       0xf5 Core/Src/stm32f4xx_it.o
                              0x8806a (size before relaxing)
 .debug_str     0x00088971       0xc4 Core/Src/system_stm32f4xx.o
                              0x84d13 (size before relaxing)
 .debug_str     0x00088a35      0x58b Drivers/STM32F4xx_HAL_Driver/Src/stm32f4xx_hal.o
                              0x856c3 (size before relaxing)
 .debug_str     0x00088fc0      0x32d Drivers/STM32F4xx_HAL_Driver/Src/stm32f4xx_hal_cortex.o
                              0x8545b (size before relaxing)
 .debug_str     0x000892ed       0x72 Drivers/STM32F4xx_HAL_Driver/Src/stm32f4xx_hal_crc.o
                              0x84d46 (size before relaxing)
 .debug_str     0x0008935f      0x1c6 Drivers/STM32F4xx_HAL_Driver/Src/stm32f4xx_hal_gpio.o
                              0x84f52 (size before relaxing)
 .debug_str     0x00089525      0x233 Drivers/STM32F4xx_HAL_Driver/Src/stm32f4xx_hal_rcc.o
                              0x85127 (size before relaxing)
 .debug_str     0x00089758      0xcf8 Drivers/STM32F4xx_HAL_Driver/Src/stm32f4xx_hal_tim.o
                              0x85e60 (size before relaxing)
 .debug_str     0x0008a450      0x464 Drivers/STM32F4xx_HAL_Driver/Src/stm32f4xx_hal_tim_ex.o
                              0x85678 (size before relaxing)
 .debug_str     0x0008a8b4      0x527 Drivers/STM32F4xx_HAL_Driver/Src/stm32f4xx_hal_uart.o
                              0x855c4 (size before relaxing)
 .debug_str     0x0008addb       0x2f startup/startup_stm32f401xe.o
                                 0x7d (size before relaxing)

.comment        0x00000000       0x7f
 .comment       0x00000000       0x7f Core/Src/RFModSTM32f4x.o
                                 0x80 (size before relaxing)
 .comment       0x0000007f       0x80 Core/Src/main.o
 .comment       0x0000007f       0x80 Core/Src/stm32f4xx_hal_msp.o
 .comment       0x0000007f       0x80 Core/Src/stm32f4xx_it.o
 .comment       0x0000007f       0x80 Core/Src/system_stm32f4xx.o
 .comment       0x0000007f       0x80 Drivers/STM32F4xx_HAL_Driver/Src/stm32f4xx_hal.o
 .comment       0x0000007f       0x80 Drivers/STM32F4xx_HAL_Driver/Src/stm32f4xx_hal_cortex.o
 .comment       0x0000007f       0x80 Drivers/STM32F4xx_HAL_Driver/Src/stm32f4xx_hal_crc.o
 .comment       0x0000007f       0x80 Drivers/STM32F4xx_HAL_Driver/Src/stm32f4xx_hal_gpio.o
 .comment       0x0000007f       0x80 Drivers/STM32F4xx_HAL_Driver/Src/stm32f4xx_hal_rcc.o
 .comment       0x0000007f       0x80 Drivers/STM32F4xx_HAL_Driver/Src/stm32f4xx_hal_tim.o
 .comment       0x0000007f       0x80 Drivers/STM32F4xx_HAL_Driver/Src/stm32f4xx_hal_tim_ex.o
 .comment       0x0000007f       0x80 Drivers/STM32F4xx_HAL_Driver/Src/stm32f4xx_hal_uart.o

.debug_frame    0x00000000     0x1e5c
 .debug_frame   0x00000000      0x198 Core/Src/RFModSTM32f4x.o
 .debug_frame   0x00000198       0xcc Core/Src/main.o
 .debug_frame   0x00000264       0xc0 Core/Src/stm32f4xx_hal_msp.o
 .debug_frame   0x00000324       0xc0 Core/Src/stm32f4xx_it.o
 .debug_frame   0x000003e4       0x30 Core/Src/system_stm32f4xx.o
 .debug_frame   0x00000414      0x1ec Drivers/STM32F4xx_HAL_Driver/Src/stm32f4xx_hal.o
 .debug_frame   0x00000600      0x15c Drivers/STM32F4xx_HAL_Driver/Src/stm32f4xx_hal_cortex.o
 .debug_frame   0x0000075c       0xc4 Drivers/STM32F4xx_HAL_Driver/Src/stm32f4xx_hal_crc.o
 .debug_frame   0x00000820       0xd8 Drivers/STM32F4xx_HAL_Driver/Src/stm32f4xx_hal_gpio.o
 .debug_frame   0x000008f8      0x184 Drivers/STM32F4xx_HAL_Driver/Src/stm32f4xx_hal_rcc.o
 .debug_frame   0x00000a7c      0xa90 Drivers/STM32F4xx_HAL_Driver/Src/stm32f4xx_hal_tim.o
 .debug_frame   0x0000150c      0x3b4 Drivers/STM32F4xx_HAL_Driver/Src/stm32f4xx_hal_tim_ex.o
 .debug_frame   0x000018c0      0x4f0 Drivers/STM32F4xx_HAL_Driver/Src/stm32f4xx_hal_uart.o
 .debug_frame   0x00001db0       0x2c c:/ac6/systemworkbench/plugins/fr.ac6.mcu.externaltools.arm-none.win32_1.17.0.201812190825/tools/compiler/bin/../lib/gcc/arm-none-eabi/7.3.1/thumb/v7e-m/fpv4-sp/hard\libgcc.a(_aeabi_uldivmod.o)
 .debug_frame   0x00001ddc       0x34 c:/ac6/systemworkbench/plugins/fr.ac6.mcu.externaltools.arm-none.win32_1.17.0.201812190825/tools/compiler/bin/../lib/gcc/arm-none-eabi/7.3.1/thumb/v7e-m/fpv4-sp/hard\libgcc.a(_udivmoddi4.o)
 .debug_frame   0x00001e10       0x2c c:/ac6/systemworkbench/plugins/fr.ac6.mcu.externaltools.arm-none.win32_1.17.0.201812190825/tools/compiler/bin/../lib/gcc/arm-none-eabi/7.3.1/../../../../arm-none-eabi/lib/thumb/v7e-m/fpv4-sp/hard\libc_nano.a(lib_a-init.o)
 .debug_frame   0x00001e3c       0x20 c:/ac6/systemworkbench/plugins/fr.ac6.mcu.externaltools.arm-none.win32_1.17.0.201812190825/tools/compiler/bin/../lib/gcc/arm-none-eabi/7.3.1/../../../../arm-none-eabi/lib/thumb/v7e-m/fpv4-sp/hard\libc_nano.a(lib_a-memset.o)
